core_cm4.h:1679:22:__NVIC_EnableIRQ	16	static
fsl_clock.h:668:20:CLOCK_EnableClock	24	static
fsl_clock.h:679:20:CLOCK_DisableClock	24	static
fsl_common.h:484:28:EnableIRQ	16	static
fsl_enet.h:806:20:ENET_Reset	16	static
fsl_enet.h:849:20:ENET_GetSMI	16	static
fsl_enet.h:1118:20:ENET_EnableSleepMode	16	static
fsl_enet.h:1170:20:ENET_EnableInterrupts	16	static
fsl_enet.c:165:10:ENET_GetInstance	24	static
fsl_enet.c:197:6:ENET_GetDefaultConfig	16	static
fsl_enet.c:246:6:ENET_Up	32	static
fsl_enet.c:299:6:ENET_Init	40	static
fsl_enet.c:325:6:ENET_Down	16	static
fsl_enet.c:341:6:ENET_Deinit	16	static
fsl_enet.c:360:6:ENET_SetCallback	24	static
fsl_enet.c:386:6:ENET_SetRxISRHandler	24	static
fsl_enet.c:394:6:ENET_SetTxISRHandler	24	static
fsl_enet.c:403:6:ENET_SetErrISRHandler	24	static
fsl_enet.c:431:13:ENET_SetHandler	40	static
fsl_enet.c:480:13:ENET_SetMacController	56	static
fsl_enet.c:737:13:ENET_SetTxBufferDescriptors	48	static
fsl_enet.c:802:13:ENET_SetRxBufferDescriptors	48	static
fsl_enet.c:901:13:ENET_ActiveSend	24	static
fsl_enet.c:956:6:ENET_SetMII	24	static
fsl_enet.c:1009:6:ENET_SetMacAddr	24	static
fsl_enet.c:1029:6:ENET_GetMacAddr	24	static
fsl_enet.c:1057:6:ENET_SetSMI	40	static
fsl_enet.c:1086:6:ENET_StartSMIWrite	32	static
fsl_enet.c:1106:6:ENET_StartSMIRead	32	static
fsl_enet.c:1278:17:ENET_IncreaseIndex	16	static
fsl_enet.c:1289:20:ENET_TxDirtyRingAvailable	16	static
fsl_enet.c:1313:6:ENET_GetRxErrBeforeReadFrame	40	static
fsl_enet.c:1407:10:ENET_GetRxFrameSize	48	static
fsl_enet.c:1521:10:ENET_ReadFrame	64	static
fsl_enet.c:1629:13:ENET_UpdateReadBuffers	40	static
fsl_enet.c:1689:10:ENET_SendFrame	72	static
fsl_enet.c:1894:10:ENET_SetTxReclaim	32	static
fsl_enet.c:1935:13:ENET_ReclaimTxDescriptor	56	static
fsl_enet.c:2023:10:ENET_GetRxBuffer	40	static
fsl_enet.c:2104:6:ENET_ReleaseRxBuffer	48	static
fsl_enet.c:2227:10:ENET_SendFrameZeroCopy	64	static
fsl_enet.c:2416:10:ENET_SetTxBuffer	56	static
fsl_enet.c:2553:6:ENET_AddMulticastGroup	40	static
fsl_enet.c:2602:6:ENET_LeaveMulticastGroup	40	static
fsl_enet.c:2968:6:ENET_TransmitIRQHandler	48	static
fsl_enet.c:3034:6:ENET_ReceiveIRQHandler	40	static
fsl_enet.c:3079:6:ENET_ErrorIRQHandler	40	static
fsl_enet.c:3178:6:ENET_CommonFrame0IRQHandler	24	static
fsl_enet.c:3263:6:ENET_Transmit_IRQHandler	8	static
fsl_enet.c:3269:6:ENET_Receive_IRQHandler	8	static
fsl_enet.c:3275:6:ENET_Error_IRQHandler	8	static
fsl_enet.c:3281:6:ENET_1588_Timer_IRQHandler	8	static
fsl_enet.c:3287:6:ENET_DriverIRQHandler	8	static
